BEGIN:VCALENDAR
VERSION:2.0
PRODID:spatie/icalendar-generator
NAME:Laracon online
X-WR-CALNAME:Laracon online
BEGIN:VEVENT
UID:uuid_2
DTSTAMP:20190306T150000Z
DTSTART;VALUE=DATE:20190306
DTEND;VALUE=DATE:20190307
SUMMARY:Laracon online
X-MICROSOFT-CDO-ALLDAYEVENT:TRUE
END:VEVENT
END:VCALENDAR
