BEGIN:VCALENDAR
VERSION:2.0
PRODID:spatie/icalendar-generator
NAME:Task Calendar
X-WR-CALNAME:Task Calendar
BEGIN:VTIMEZONE
TZID:UTC
BEGIN:STANDARD
DTSTART:20220609T100000
TZOFFSETFROM:+0000
TZOFFSETTO:+0000
END:STANDARD
END:VTIMEZONE
BEGIN:VTODO
UID:todo_1
DTSTAMP:20230306T100000Z
SUMMARY:Finish documentation
DESCRIPTION:Complete the documentation for the new feature
PERCENT-COMPLETE:50
PRIORITY:1
DTSTART:20230306T120000Z
DUE:20230306T180000Z
END:VTODO
END:VCALENDAR